I'm trying to install xen 1.2 from the cd.
I formated the filesystem and copied it from the cd.
I must install grub now.
I do grub-install /dev/sda /mnt/root
The error is ioctl 00001261 not supported by xl_block
The file /mnt/root/boot/grub/stage1 not read correctly

This file exists.
Thank you.



-------------------------------------------------------
SF.Net is sponsored by: Speed Start Your Linux Apps Now.
Build and deploy apps & Web services for Linux with
a free DVD software kit from IBM. Click Now!
http://ads.osdn.com/?ad_id=1356&alloc_id=3438&op=click
