> > 
> > I then tried to mount the volume:
> > 	mount -t ocfs /dev/sda1 /ocfs
> > 
> > 	waited for awhile and it returned but no drive was mounted :(
> > 
> > So I'm not sure what I did wrong.
> > 
> > Any suggestions would be appreciated.
> 
> The filesystem type for OCFS2 is "ocfs2", not "ocfs". Not 
> sure why it would
> take a long time with "ocfs" though..
> 
> Try with "ocfs2" and see what happens.


Sorry my mistake.  I did it run it before with ocfs2.  A did a spelling
error in my previous message :(

John
