Hi Simon,

On 12/4/25 10:29 PM, Simon Gaynor wrote:
> [You don't often get email from boundary@simong.net. Learn why this is important at https://aka.ms/LearnAboutSenderIdentification ]
> 
> Simon Gaynor shall be the new maintainer
> 

boundarydevices.com redirects to https://www.ezurio.com/boundary-devices 
where the announcement about the rename is made, so a maintainer with 
that new domain looks legit to me.

Reviewed-by: Quentin Schulz <quentin.schulz@cherry.de>

Thanks!
Quentin
