From borgqeen@z Thu Jan  1 00:00:00 1970
From: Seven of Nine <seven@borg.collective>
Date: Thu, 01 Feb 2001 19:08:25 +0000
Subject: [LARTC] subinterfaces
Message-Id: <marc-lartc-98373940416937@msgid-missing>
List-Id: <lartc.vger.kernel.org>
References: <marc-lartc-98373940416895@msgid-missing>
In-Reply-To: <marc-lartc-98373940416895@msgid-missing>
MIME-Version: 1.0
Content-Type: text/plain; charset="us-ascii"
Content-Transfer-Encoding: 7bit
To: lartc@vger.kernel.org
